Archive member included to satisfy reference by file (symbol)

c:/program files (x86)/atmel/studio/7.0/toolchain/avr8/avr8-gnu-toolchain/bin/../lib/gcc/avr/5.4.0/avr5\libgcc.a(_udivmodhi4.o)
                              DrvTWI.o (__udivmodhi4)
c:/program files (x86)/atmel/studio/7.0/toolchain/avr8/avr8-gnu-toolchain/bin/../lib/gcc/avr/5.4.0/avr5\libgcc.a(_exit.o)
                              C:/Program Files (x86)/Atmel/Studio/7.0/Packs/atmel/ATmega_DFP/1.7.374/gcc/dev/atmega328p/avr5/crtatmega328p.o (exit)
c:/program files (x86)/atmel/studio/7.0/toolchain/avr8/avr8-gnu-toolchain/bin/../lib/gcc/avr/5.4.0/avr5\libgcc.a(_copy_data.o)
                              lcdi2c.o (__do_copy_data)
c:/program files (x86)/atmel/studio/7.0/toolchain/avr8/avr8-gnu-toolchain/bin/../lib/gcc/avr/5.4.0/avr5\libgcc.a(_clear_bss.o)
                              DrvTWI.o (__do_clear_bss)

Allocating common symbols
Common symbol       size              file

_backlightval       0x1               lcdi2c.o
cntTM               0x2               main.o
estado              0x1               main.o
_displaycontrol     0x1               lcdi2c.o
_numlines           0x1               lcdi2c.o
_Addr               0x1               lcdi2c.o
INBUFF              0x20              main.o
_displaymode        0x1               lcdi2c.o
cntTE               0x2               main.o
_displayfunction    0x1               lcdi2c.o
_cols               0x1               lcdi2c.o
_rows               0x1               lcdi2c.o

Discarded input sections

 .data          0x00000000        0x0 C:/Program Files (x86)/Atmel/Studio/7.0/Packs/atmel/ATmega_DFP/1.7.374/gcc/dev/atmega328p/avr5/crtatmega328p.o
 .bss           0x00000000        0x0 C:/Program Files (x86)/Atmel/Studio/7.0/Packs/atmel/ATmega_DFP/1.7.374/gcc/dev/atmega328p/avr5/crtatmega328p.o
 .text          0x00000000        0x0 DrvADC.o
 .data          0x00000000        0x0 DrvADC.o
 .bss           0x00000000        0x0 DrvADC.o
 .text._adcRead
                0x00000000       0x24 DrvADC.o
 .text.DrvADC_softStart
                0x00000000       0x14 DrvADC.o
 .text.DrvADC_setChannel
                0x00000000       0x14 DrvADC.o
 .text.DrvADC_setReference
                0x00000000       0x5c DrvADC.o
 .text.DrvADC_Init
                0x00000000       0x26 DrvADC.o
 .text.DrvADC_readData
                0x00000000       0x48 DrvADC.o
 .text.DrvADC_readChannel
                0x00000000       0x18 DrvADC.o
 .text.DrvADC_readDataEx
                0x00000000       0x34 DrvADC.o
 .text.DrvADC_readChannelEx
                0x00000000       0x14 DrvADC.o
 .debug_info    0x00000000      0x2a6 DrvADC.o
 .debug_abbrev  0x00000000      0x174 DrvADC.o
 .debug_loc     0x00000000      0x29f DrvADC.o
 .debug_aranges
                0x00000000       0x60 DrvADC.o
 .debug_ranges  0x00000000       0x50 DrvADC.o
 .debug_line    0x00000000      0x26b DrvADC.o
 .debug_str     0x00000000      0x287 DrvADC.o
 .comment       0x00000000       0x31 DrvADC.o
 .debug_frame   0x00000000       0xe0 DrvADC.o
 .text          0x00000000        0x0 DrvSYS.o
 .data          0x00000000        0x0 DrvSYS.o
 .bss           0x00000000        0x0 DrvSYS.o
 .text.DrvCLK_SetMainClock
                0x00000000       0x1c DrvSYS.o
 .text.DrvCLK_SetSysCLKO
                0x00000000       0x10 DrvSYS.o
 .text          0x00000000        0x0 DrvTWI.o
 .data          0x00000000        0x0 DrvTWI.o
 .bss           0x00000000        0x0 DrvTWI.o
 .text.DrvTWI_SetBitrate
                0x00000000       0x38 DrvTWI.o
 .text.DrvTWI_Init
                0x00000000       0x24 DrvTWI.o
 .text.DrvTWI_SetDeviceAddr
                0x00000000        0xa DrvTWI.o
 .text.DrvTWI_MasterSendNI
                0x00000000       0x8c DrvTWI.o
 .text.DrvTWI_MasterReceiveNI
                0x00000000       0x94 DrvTWI.o
 .text.DrvTWI_GetState
                0x00000000        0x6 DrvTWI.o
 .bss.twiState  0x00000000        0x1 DrvTWI.o
 .debug_info    0x00000000      0x2ca DrvTWI.o
 .debug_abbrev  0x00000000      0x12f DrvTWI.o
 .debug_loc     0x00000000      0x204 DrvTWI.o
 .debug_aranges
                0x00000000       0x48 DrvTWI.o
 .debug_ranges  0x00000000       0x38 DrvTWI.o
 .debug_line    0x00000000      0x258 DrvTWI.o
 .debug_str     0x00000000      0x305 DrvTWI.o
 .comment       0x00000000       0x31 DrvTWI.o
 .debug_frame   0x00000000       0x74 DrvTWI.o
 .text          0x00000000        0x0 DrvUSART.o
 .data          0x00000000        0x0 DrvUSART.o
 .bss           0x00000000        0x0 DrvUSART.o
 .text.DrvUSART_SendChar
                0x00000000        0xe DrvUSART.o
 .text.DrvUSART_GetChar
                0x00000000        0xe DrvUSART.o
 .text.DrvUSART_SendStr
                0x00000000       0x1a DrvUSART.o
 .text          0x00000000        0x0 DrvWDT.o
 .data          0x00000000        0x0 DrvWDT.o
 .bss           0x00000000        0x0 DrvWDT.o
 .text.DrvWDT_Init
                0x00000000       0x1e DrvWDT.o
 .debug_info    0x00000000       0x93 DrvWDT.o
 .debug_abbrev  0x00000000       0x60 DrvWDT.o
 .debug_loc     0x00000000       0x1f DrvWDT.o
 .debug_aranges
                0x00000000       0x20 DrvWDT.o
 .debug_ranges  0x00000000       0x10 DrvWDT.o
 .debug_line    0x00000000       0xc1 DrvWDT.o
 .debug_str     0x00000000      0x17d DrvWDT.o
 .comment       0x00000000       0x31 DrvWDT.o
 .debug_frame   0x00000000       0x24 DrvWDT.o
 .text          0x00000000        0x0 font.o
 .data          0x00000000        0x0 font.o
 .bss           0x00000000        0x0 font.o
 .progmem.data.basicfont
                0x00000000      0x1db font.o
 .debug_info    0x00000000       0x96 font.o
 .debug_abbrev  0x00000000       0x50 font.o
 .debug_aranges
                0x00000000       0x18 font.o
 .debug_line    0x00000000       0x29 font.o
 .debug_str     0x00000000      0x179 font.o
 .comment       0x00000000       0x31 font.o
 .text          0x00000000        0x0 lcdi2c.o
 .data          0x00000000        0x0 lcdi2c.o
 .bss           0x00000000        0x0 lcdi2c.o
 .text.expanderWrite
                0x00000000       0x5e lcdi2c.o
 .text.noBacklight
                0x00000000        0xc lcdi2c.o
 .text.backlight
                0x00000000        0xe lcdi2c.o
 .text.pulseEnable
                0x00000000       0x26 lcdi2c.o
 .text.write4bits
                0x00000000       0x12 lcdi2c.o
 .text.send     0x00000000       0x2c lcdi2c.o
 .text.command  0x00000000        0x8 lcdi2c.o
 .text.clear    0x00000000       0x16 lcdi2c.o
 .text.home     0x00000000       0x16 lcdi2c.o
 .rodata        0x00000000        0x8 lcdi2c.o
 .text.setCursor
                0x00000000       0x64 lcdi2c.o
 .text.noDisplay
                0x00000000       0x14 lcdi2c.o
 .text.display  0x00000000       0x16 lcdi2c.o
 .text.noCursor
                0x00000000       0x14 lcdi2c.o
 .text.cursor   0x00000000       0x16 lcdi2c.o
 .text.noBlink  0x00000000       0x14 lcdi2c.o
 .text.blink    0x00000000       0x16 lcdi2c.o
 .text.scrollDisplayLeft
                0x00000000        0xa lcdi2c.o
 .text.scrollDisplayRight
                0x00000000        0xa lcdi2c.o
 .text.leftToRight
                0x00000000       0x16 lcdi2c.o
 .text.rightToLeft
                0x00000000       0x14 lcdi2c.o
 .text.autoscroll
                0x00000000       0x16 lcdi2c.o
 .text.noAutoscroll
                0x00000000       0x14 lcdi2c.o
 .text.cursor_on
                0x00000000        0x6 lcdi2c.o
 .text.cursor_off
                0x00000000        0x6 lcdi2c.o
 .text.blink_on
                0x00000000        0x6 lcdi2c.o
 .text.blink_off
                0x00000000        0x6 lcdi2c.o
 .text.setBacklight
                0x00000000       0x10 lcdi2c.o
 .text.lcdSendChar
                0x00000000        0x8 lcdi2c.o
 .text.lcdSendStr
                0x00000000       0x1a lcdi2c.o
 .text.lcd_inicio
                0x00000000       0x9c lcdi2c.o
 .debug_info    0x00000000      0xca3 lcdi2c.o
 .debug_abbrev  0x00000000      0x1e5 lcdi2c.o
 .debug_loc     0x00000000      0x7e2 lcdi2c.o
 .debug_aranges
                0x00000000      0x108 lcdi2c.o
 .debug_ranges  0x00000000       0xf8 lcdi2c.o
 .debug_line    0x00000000      0x54d lcdi2c.o
 .debug_str     0x00000000      0x39f lcdi2c.o
 .comment       0x00000000       0x31 lcdi2c.o
 .debug_frame   0x00000000      0x230 lcdi2c.o
 COMMON         0x00000000        0x8 lcdi2c.o
 .text          0x00000000        0x0 main.o
 .data          0x00000000        0x0 main.o
 .bss           0x00000000        0x0 main.o
 .text.iluminacion
                0x00000000       0x2e main.o
 .text.temperatura
                0x00000000        0x4 main.o
 .text          0x00000000        0x0 oled.o
 .data          0x00000000        0x0 oled.o
 .bss           0x00000000        0x0 oled.o
 .text.tst_comando
                0x00000000       0x74 oled.o
 .text.tst_data
                0x00000000       0x76 oled.o
 .text.lcd_command
                0x00000000       0x88 oled.o
 .text.setCP    0x00000000       0x52 oled.o
 .text.lcd_data
                0x00000000       0x90 oled.o
 .text.lcd_init
                0x00000000       0x56 oled.o
 .text.lcd_putc
                0x00000000       0x50 oled.o
 .text.lcd_puts
                0x00000000       0x1a oled.o
 .rodata        0x00000000        0x6 oled.o
 .text.ssd1306_lcd_clrscr
                0x00000000       0x5c oled.o
 .text.oledWriteChar1x
                0x00000000       0x80 oled.o
 .text.oledPutString
                0x00000000       0x2e oled.o
 .text.FillDisplay
                0x00000000       0x3c oled.o
 .progmem.data.init_sequence
                0x00000000       0x1b oled.o
 .progmem.data.dlist1
                0x00000000        0x5 oled.o
 .debug_info    0x00000000      0x71b oled.o
 .debug_abbrev  0x00000000      0x173 oled.o
 .debug_loc     0x00000000      0x70e oled.o
 .debug_aranges
                0x00000000       0x78 oled.o
 .debug_ranges  0x00000000       0x80 oled.o
 .debug_line    0x00000000      0x4b3 oled.o
 .debug_str     0x00000000      0x284 oled.o
 .comment       0x00000000       0x31 oled.o
 .debug_frame   0x00000000      0x160 oled.o
 .text          0x00000000        0x0 c:/program files (x86)/atmel/studio/7.0/toolchain/avr8/avr8-gnu-toolchain/bin/../lib/gcc/avr/5.4.0/avr5\libgcc.a(_udivmodhi4.o)
 .data          0x00000000        0x0 c:/program files (x86)/atmel/studio/7.0/toolchain/avr8/avr8-gnu-toolchain/bin/../lib/gcc/avr/5.4.0/avr5\libgcc.a(_udivmodhi4.o)
 .bss           0x00000000        0x0 c:/program files (x86)/atmel/studio/7.0/toolchain/avr8/avr8-gnu-toolchain/bin/../lib/gcc/avr/5.4.0/avr5\libgcc.a(_udivmodhi4.o)
 .text.libgcc.mul
                0x00000000        0x0 c:/program files (x86)/atmel/studio/7.0/toolchain/avr8/avr8-gnu-toolchain/bin/../lib/gcc/avr/5.4.0/avr5\libgcc.a(_udivmodhi4.o)
 .text.libgcc.div
                0x00000000       0x28 c:/program files (x86)/atmel/studio/7.0/toolchain/avr8/avr8-gnu-toolchain/bin/../lib/gcc/avr/5.4.0/avr5\libgcc.a(_udivmodhi4.o)
 .text.libgcc   0x00000000        0x0 c:/program files (x86)/atmel/studio/7.0/toolchain/avr8/avr8-gnu-toolchain/bin/../lib/gcc/avr/5.4.0/avr5\libgcc.a(_udivmodhi4.o)
 .text.libgcc.prologue
                0x00000000        0x0 c:/program files (x86)/atmel/studio/7.0/toolchain/avr8/avr8-gnu-toolchain/bin/../lib/gcc/avr/5.4.0/avr5\libgcc.a(_udivmodhi4.o)
 .text.libgcc.builtins
                0x00000000        0x0 c:/program files (x86)/atmel/studio/7.0/toolchain/avr8/avr8-gnu-toolchain/bin/../lib/gcc/avr/5.4.0/avr5\libgcc.a(_udivmodhi4.o)
 .text.libgcc.fmul
                0x00000000        0x0 c:/program files (x86)/atmel/studio/7.0/toolchain/avr8/avr8-gnu-toolchain/bin/../lib/gcc/avr/5.4.0/avr5\libgcc.a(_udivmodhi4.o)
 .text.libgcc.fixed
                0x00000000        0x0 c:/program files (x86)/atmel/studio/7.0/toolchain/avr8/avr8-gnu-toolchain/bin/../lib/gcc/avr/5.4.0/avr5\libgcc.a(_udivmodhi4.o)
 .text          0x00000000        0x0 c:/program files (x86)/atmel/studio/7.0/toolchain/avr8/avr8-gnu-toolchain/bin/../lib/gcc/avr/5.4.0/avr5\libgcc.a(_exit.o)
 .data          0x00000000        0x0 c:/program files (x86)/atmel/studio/7.0/toolchain/avr8/avr8-gnu-toolchain/bin/../lib/gcc/avr/5.4.0/avr5\libgcc.a(_exit.o)
 .bss           0x00000000        0x0 c:/program files (x86)/atmel/studio/7.0/toolchain/avr8/avr8-gnu-toolchain/bin/../lib/gcc/avr/5.4.0/avr5\libgcc.a(_exit.o)
 .text.libgcc.mul
                0x00000000        0x0 c:/program files (x86)/atmel/studio/7.0/toolchain/avr8/avr8-gnu-toolchain/bin/../lib/gcc/avr/5.4.0/avr5\libgcc.a(_exit.o)
 .text.libgcc.div
                0x00000000        0x0 c:/program files (x86)/atmel/studio/7.0/toolchain/avr8/avr8-gnu-toolchain/bin/../lib/gcc/avr/5.4.0/avr5\libgcc.a(_exit.o)
 .text.libgcc   0x00000000        0x0 c:/program files (x86)/atmel/studio/7.0/toolchain/avr8/avr8-gnu-toolchain/bin/../lib/gcc/avr/5.4.0/avr5\libgcc.a(_exit.o)
 .text.libgcc.prologue
                0x00000000        0x0 c:/program files (x86)/atmel/studio/7.0/toolchain/avr8/avr8-gnu-toolchain/bin/../lib/gcc/avr/5.4.0/avr5\libgcc.a(_exit.o)
 .text.libgcc.builtins
                0x00000000        0x0 c:/program files (x86)/atmel/studio/7.0/toolchain/avr8/avr8-gnu-toolchain/bin/../lib/gcc/avr/5.4.0/avr5\libgcc.a(_exit.o)
 .text.libgcc.fmul
                0x00000000        0x0 c:/program files (x86)/atmel/studio/7.0/toolchain/avr8/avr8-gnu-toolchain/bin/../lib/gcc/avr/5.4.0/avr5\libgcc.a(_exit.o)
 .text.libgcc.fixed
                0x00000000        0x0 c:/program files (x86)/atmel/studio/7.0/toolchain/avr8/avr8-gnu-toolchain/bin/../lib/gcc/avr/5.4.0/avr5\libgcc.a(_exit.o)
 .text          0x00000000        0x0 c:/program files (x86)/atmel/studio/7.0/toolchain/avr8/avr8-gnu-toolchain/bin/../lib/gcc/avr/5.4.0/avr5\libgcc.a(_copy_data.o)
 .data          0x00000000        0x0 c:/program files (x86)/atmel/studio/7.0/toolchain/avr8/avr8-gnu-toolchain/bin/../lib/gcc/avr/5.4.0/avr5\libgcc.a(_copy_data.o)
 .bss           0x00000000        0x0 c:/program files (x86)/atmel/studio/7.0/toolchain/avr8/avr8-gnu-toolchain/bin/../lib/gcc/avr/5.4.0/avr5\libgcc.a(_copy_data.o)
 .text.libgcc.mul
                0x00000000        0x0 c:/program files (x86)/atmel/studio/7.0/toolchain/avr8/avr8-gnu-toolchain/bin/../lib/gcc/avr/5.4.0/avr5\libgcc.a(_copy_data.o)
 .text.libgcc.div
                0x00000000        0x0 c:/program files (x86)/atmel/studio/7.0/toolchain/avr8/avr8-gnu-toolchain/bin/../lib/gcc/avr/5.4.0/avr5\libgcc.a(_copy_data.o)
 .text.libgcc   0x00000000        0x0 c:/program files (x86)/atmel/studio/7.0/toolchain/avr8/avr8-gnu-toolchain/bin/../lib/gcc/avr/5.4.0/avr5\libgcc.a(_copy_data.o)
 .text.libgcc.prologue
                0x00000000        0x0 c:/program files (x86)/atmel/studio/7.0/toolchain/avr8/avr8-gnu-toolchain/bin/../lib/gcc/avr/5.4.0/avr5\libgcc.a(_copy_data.o)
 .text.libgcc.builtins
                0x00000000        0x0 c:/program files (x86)/atmel/studio/7.0/toolchain/avr8/avr8-gnu-toolchain/bin/../lib/gcc/avr/5.4.0/avr5\libgcc.a(_copy_data.o)
 .text.libgcc.fmul
                0x00000000        0x0 c:/program files (x86)/atmel/studio/7.0/toolchain/avr8/avr8-gnu-toolchain/bin/../lib/gcc/avr/5.4.0/avr5\libgcc.a(_copy_data.o)
 .text.libgcc.fixed
                0x00000000        0x0 c:/program files (x86)/atmel/studio/7.0/toolchain/avr8/avr8-gnu-toolchain/bin/../lib/gcc/avr/5.4.0/avr5\libgcc.a(_copy_data.o)
 .text          0x00000000        0x0 c:/program files (x86)/atmel/studio/7.0/toolchain/avr8/avr8-gnu-toolchain/bin/../lib/gcc/avr/5.4.0/avr5\libgcc.a(_clear_bss.o)
 .data          0x00000000        0x0 c:/program files (x86)/atmel/studio/7.0/toolchain/avr8/avr8-gnu-toolchain/bin/../lib/gcc/avr/5.4.0/avr5\libgcc.a(_clear_bss.o)
 .bss           0x00000000        0x0 c:/program files (x86)/atmel/studio/7.0/toolchain/avr8/avr8-gnu-toolchain/bin/../lib/gcc/avr/5.4.0/avr5\libgcc.a(_clear_bss.o)
 .text.libgcc.mul
                0x00000000        0x0 c:/program files (x86)/atmel/studio/7.0/toolchain/avr8/avr8-gnu-toolchain/bin/../lib/gcc/avr/5.4.0/avr5\libgcc.a(_clear_bss.o)
 .text.libgcc.div
                0x00000000        0x0 c:/program files (x86)/atmel/studio/7.0/toolchain/avr8/avr8-gnu-toolchain/bin/../lib/gcc/avr/5.4.0/avr5\libgcc.a(_clear_bss.o)
 .text.libgcc   0x00000000        0x0 c:/program files (x86)/atmel/studio/7.0/toolchain/avr8/avr8-gnu-toolchain/bin/../lib/gcc/avr/5.4.0/avr5\libgcc.a(_clear_bss.o)
 .text.libgcc.prologue
                0x00000000        0x0 c:/program files (x86)/atmel/studio/7.0/toolchain/avr8/avr8-gnu-toolchain/bin/../lib/gcc/avr/5.4.0/avr5\libgcc.a(_clear_bss.o)
 .text.libgcc.builtins
                0x00000000        0x0 c:/program files (x86)/atmel/studio/7.0/toolchain/avr8/avr8-gnu-toolchain/bin/../lib/gcc/avr/5.4.0/avr5\libgcc.a(_clear_bss.o)
 .text.libgcc.fmul
                0x00000000        0x0 c:/program files (x86)/atmel/studio/7.0/toolchain/avr8/avr8-gnu-toolchain/bin/../lib/gcc/avr/5.4.0/avr5\libgcc.a(_clear_bss.o)
 .text.libgcc.fixed
                0x00000000        0x0 c:/program files (x86)/atmel/studio/7.0/toolchain/avr8/avr8-gnu-toolchain/bin/../lib/gcc/avr/5.4.0/avr5\libgcc.a(_clear_bss.o)

Memory Configuration

Name             Origin             Length             Attributes
text             0x00000000         0x00008000         xr
data             0x00800100         0x00000800         rw !x
eeprom           0x00810000         0x00000400         rw !x
fuse             0x00820000         0x00000003         rw !x
lock             0x00830000         0x00000400         rw !x
signature        0x00840000         0x00000400         rw !x
user_signatures  0x00850000         0x00000400         rw !x
*default*        0x00000000         0xffffffff

Linker script and memory map

Address of section .data set to 0x800100
LOAD C:/Program Files (x86)/Atmel/Studio/7.0/Packs/atmel/ATmega_DFP/1.7.374/gcc/dev/atmega328p/avr5/crtatmega328p.o
LOAD DrvADC.o
LOAD DrvSYS.o
LOAD DrvTWI.o
LOAD DrvUSART.o
LOAD DrvWDT.o
LOAD font.o
LOAD lcdi2c.o
LOAD main.o
LOAD oled.o
START GROUP
LOAD c:/program files (x86)/atmel/studio/7.0/toolchain/avr8/avr8-gnu-toolchain/bin/../lib/gcc/avr/5.4.0/../../../../avr/lib/avr5\libm.a
END GROUP
START GROUP
LOAD c:/program files (x86)/atmel/studio/7.0/toolchain/avr8/avr8-gnu-toolchain/bin/../lib/gcc/avr/5.4.0/avr5\libgcc.a
LOAD c:/program files (x86)/atmel/studio/7.0/toolchain/avr8/avr8-gnu-toolchain/bin/../lib/gcc/avr/5.4.0/../../../../avr/lib/avr5\libm.a
LOAD c:/program files (x86)/atmel/studio/7.0/toolchain/avr8/avr8-gnu-toolchain/bin/../lib/gcc/avr/5.4.0/../../../../avr/lib/avr5\libc.a
LOAD C:/Program Files (x86)/Atmel/Studio/7.0/Packs/atmel/ATmega_DFP/1.7.374/gcc/dev/atmega328p/avr5\libatmega328p.a
END GROUP
                0x00000000                __TEXT_REGION_ORIGIN__ = DEFINED (__TEXT_REGION_ORIGIN__)?__TEXT_REGION_ORIGIN__:0x0
                [0x00800100]                __DATA_REGION_ORIGIN__ = DEFINED (__DATA_REGION_ORIGIN__)?__DATA_REGION_ORIGIN__:0x800060
                [0x00008000]                __TEXT_REGION_LENGTH__ = DEFINED (__TEXT_REGION_LENGTH__)?__TEXT_REGION_LENGTH__:0x20000
                [0x00000800]                __DATA_REGION_LENGTH__ = DEFINED (__DATA_REGION_LENGTH__)?__DATA_REGION_LENGTH__:0xffa0
                [0x00000400]                __EEPROM_REGION_LENGTH__ = DEFINED (__EEPROM_REGION_LENGTH__)?__EEPROM_REGION_LENGTH__:0x10000
                [0x00000003]                __FUSE_REGION_LENGTH__ = DEFINED (__FUSE_REGION_LENGTH__)?__FUSE_REGION_LENGTH__:0x400
                0x00000400                __LOCK_REGION_LENGTH__ = DEFINED (__LOCK_REGION_LENGTH__)?__LOCK_REGION_LENGTH__:0x400
                0x00000400                __SIGNATURE_REGION_LENGTH__ = DEFINED (__SIGNATURE_REGION_LENGTH__)?__SIGNATURE_REGION_LENGTH__:0x400
                0x00000400                __USER_SIGNATURE_REGION_LENGTH__ = DEFINED (__USER_SIGNATURE_REGION_LENGTH__)?__USER_SIGNATURE_REGION_LENGTH__:0x400

.hash
 *(.hash)

.dynsym
 *(.dynsym)

.dynstr
 *(.dynstr)

.gnu.version
 *(.gnu.version)

.gnu.version_d
 *(.gnu.version_d)

.gnu.version_r
 *(.gnu.version_r)

.rel.init
 *(.rel.init)

.rela.init
 *(.rela.init)

.rel.text
 *(.rel.text)
 *(.rel.text.*)
 *(.rel.gnu.linkonce.t*)

.rela.text
 *(.rela.text)
 *(.rela.text.*)
 *(.rela.gnu.linkonce.t*)

.rel.fini
 *(.rel.fini)

.rela.fini
 *(.rela.fini)

.rel.rodata
 *(.rel.rodata)
 *(.rel.rodata.*)
 *(.rel.gnu.linkonce.r*)

.rela.rodata
 *(.rela.rodata)
 *(.rela.rodata.*)
 *(.rela.gnu.linkonce.r*)

.rel.data
 *(.rel.data)
 *(.rel.data.*)
 *(.rel.gnu.linkonce.d*)

.rela.data
 *(.rela.data)
 *(.rela.data.*)
 *(.rela.gnu.linkonce.d*)

.rel.ctors
 *(.rel.ctors)

.rela.ctors
 *(.rela.ctors)

.rel.dtors
 *(.rel.dtors)

.rela.dtors
 *(.rela.dtors)

.rel.got
 *(.rel.got)

.rela.got
 *(.rela.got)

.rel.bss
 *(.rel.bss)

.rela.bss
 *(.rela.bss)

.rel.plt
 *(.rel.plt)

.rela.plt
 *(.rela.plt)

.text           0x00000000      0x25e
 *(.vectors)
 .vectors       0x00000000       0x68 C:/Program Files (x86)/Atmel/Studio/7.0/Packs/atmel/ATmega_DFP/1.7.374/gcc/dev/atmega328p/avr5/crtatmega328p.o
                0x00000000                __vector_default
                0x00000000                __vectors
 *(.vectors)
 *(.progmem.gcc*)
                0x00000068                . = ALIGN (0x2)
                0x00000068                __trampolines_start = .
 *(.trampolines)
 .trampolines   0x00000068        0x0 linker stubs
 *(.trampolines*)
                0x00000068                __trampolines_end = .
 *libprintf_flt.a:*(.progmem.data)
 *libc.a:*(.progmem.data)
 *(.progmem*)
                0x00000068                . = ALIGN (0x2)
 *(.jumptables)
 *(.jumptables*)
 *(.lowtext)
 *(.lowtext*)
                0x00000068                __ctors_start = .
 *(.ctors)
                0x00000068                __ctors_end = .
                0x00000068                __dtors_start = .
 *(.dtors)
                0x00000068                __dtors_end = .
 SORT(*)(.ctors)
 SORT(*)(.dtors)
 *(.init0)
 .init0         0x00000068        0x0 C:/Program Files (x86)/Atmel/Studio/7.0/Packs/atmel/ATmega_DFP/1.7.374/gcc/dev/atmega328p/avr5/crtatmega328p.o
                0x00000068                __init
 *(.init0)
 *(.init1)
 *(.init1)
 *(.init2)
 .init2         0x00000068        0xc C:/Program Files (x86)/Atmel/Studio/7.0/Packs/atmel/ATmega_DFP/1.7.374/gcc/dev/atmega328p/avr5/crtatmega328p.o
 *(.init2)
 *(.init3)
 *(.init3)
 *(.init4)
 .init4         0x00000074       0x16 c:/program files (x86)/atmel/studio/7.0/toolchain/avr8/avr8-gnu-toolchain/bin/../lib/gcc/avr/5.4.0/avr5\libgcc.a(_copy_data.o)
                0x00000074                __do_copy_data
 .init4         0x0000008a       0x10 c:/program files (x86)/atmel/studio/7.0/toolchain/avr8/avr8-gnu-toolchain/bin/../lib/gcc/avr/5.4.0/avr5\libgcc.a(_clear_bss.o)
                0x0000008a                __do_clear_bss
 *(.init4)
 *(.init5)
 *(.init5)
 *(.init6)
 *(.init6)
 *(.init7)
 *(.init7)
 *(.init8)
 *(.init8)
 *(.init9)
 .init9         0x0000009a        0x8 C:/Program Files (x86)/Atmel/Studio/7.0/Packs/atmel/ATmega_DFP/1.7.374/gcc/dev/atmega328p/avr5/crtatmega328p.o
 *(.init9)
 *(.text)
 .text          0x000000a2        0x4 C:/Program Files (x86)/Atmel/Studio/7.0/Packs/atmel/ATmega_DFP/1.7.374/gcc/dev/atmega328p/avr5/crtatmega328p.o
                0x000000a2                __vector_22
                0x000000a2                __vector_1
                0x000000a2                __vector_24
                0x000000a2                __vector_12
                0x000000a2                __bad_interrupt
                0x000000a2                __vector_3
                0x000000a2                __vector_23
                0x000000a2                __vector_25
                0x000000a2                __vector_11
                0x000000a2                __vector_13
                0x000000a2                __vector_17
                0x000000a2                __vector_19
                0x000000a2                __vector_7
                0x000000a2                __vector_5
                0x000000a2                __vector_4
                0x000000a2                __vector_9
                0x000000a2                __vector_2
                0x000000a2                __vector_21
                0x000000a2                __vector_15
                0x000000a2                __vector_8
                0x000000a2                __vector_14
                0x000000a2                __vector_10
                0x000000a2                __vector_16
                0x000000a2                __vector_18
                0x000000a2                __vector_20
                0x000000a6                . = ALIGN (0x2)
 *(.text.*)
 .text.DrvCLK_SetClockDivider
                0x000000a6       0x10 DrvSYS.o
                0x000000a6                DrvCLK_SetClockDivider
 .text.DrvSYS_Init
                0x000000b6       0x42 DrvSYS.o
                0x000000b6                DrvSYS_Init
 .text.DrvUSART_Init
                0x000000f8       0x1c DrvUSART.o
                0x000000f8                DrvUSART_Init
 .text.__vector_6
                0x00000114       0x9a main.o
                0x00000114                __vector_6
 .text.main     0x000001ae       0xac main.o
                0x000001ae                main
                0x0000025a                . = ALIGN (0x2)
 *(.fini9)
 .fini9         0x0000025a        0x0 c:/program files (x86)/atmel/studio/7.0/toolchain/avr8/avr8-gnu-toolchain/bin/../lib/gcc/avr/5.4.0/avr5\libgcc.a(_exit.o)
                0x0000025a                _exit
                0x0000025a                exit
 *(.fini9)
 *(.fini8)
 *(.fini8)
 *(.fini7)
 *(.fini7)
 *(.fini6)
 *(.fini6)
 *(.fini5)
 *(.fini5)
 *(.fini4)
 *(.fini4)
 *(.fini3)
 *(.fini3)
 *(.fini2)
 *(.fini2)
 *(.fini1)
 *(.fini1)
 *(.fini0)
 .fini0         0x0000025a        0x4 c:/program files (x86)/atmel/studio/7.0/toolchain/avr8/avr8-gnu-toolchain/bin/../lib/gcc/avr/5.4.0/avr5\libgcc.a(_exit.o)
 *(.fini0)
                0x0000025e                _etext = .

.data           0x00800100        0x0 load address 0x0000025e
                0x00800100                PROVIDE (__data_start, .)
 *(.data)
 *(.data*)
 *(.gnu.linkonce.d*)
 *(.rodata)
 *(.rodata*)
 *(.gnu.linkonce.r*)
                0x00800100                . = ALIGN (0x2)
                0x00800100                _edata = .
                0x00800100                PROVIDE (__data_end, .)

.bss            0x00800100       0x25
                0x00800100                PROVIDE (__bss_start, .)
 *(.bss)
 *(.bss*)
 *(COMMON)
 COMMON         0x00800100       0x25 main.o
                0x00800100                cntTM
                0x00800102                estado
                0x00800103                INBUFF
                0x00800123                cntTE
                0x00800125                PROVIDE (__bss_end, .)
                0x0000025e                __data_load_start = LOADADDR (.data)
                0x0000025e                __data_load_end = (__data_load_start + SIZEOF (.data))

.noinit         0x00800125        0x0
                [!provide]                PROVIDE (__noinit_start, .)
 *(.noinit*)
                [!provide]                PROVIDE (__noinit_end, .)
                0x00800125                _end = .
                [!provide]                PROVIDE (__heap_start, .)

.eeprom         0x00810000        0x0
 *(.eeprom*)
                0x00810000                __eeprom_end = .

.fuse
 *(.fuse)
 *(.lfuse)
 *(.hfuse)
 *(.efuse)

.lock
 *(.lock*)

.signature
 *(.signature*)

.user_signatures
 *(.user_signatures*)

.stab
 *(.stab)

.stabstr
 *(.stabstr)

.stab.excl
 *(.stab.excl)

.stab.exclstr
 *(.stab.exclstr)

.stab.index
 *(.stab.index)

.stab.indexstr
 *(.stab.indexstr)

.comment        0x00000000       0x30
 *(.comment)
 .comment       0x00000000       0x30 DrvSYS.o
                                 0x31 (size before relaxing)
 .comment       0x00000030       0x31 DrvUSART.o
 .comment       0x00000030       0x31 main.o

.note.gnu.avr.deviceinfo
                0x00000000       0x40
 .note.gnu.avr.deviceinfo
                0x00000000       0x40 C:/Program Files (x86)/Atmel/Studio/7.0/Packs/atmel/ATmega_DFP/1.7.374/gcc/dev/atmega328p/avr5/crtatmega328p.o

.note.gnu.build-id
 *(.note.gnu.build-id)

.debug
 *(.debug)

.line
 *(.line)

.debug_srcinfo
 *(.debug_srcinfo)

.debug_sfnames
 *(.debug_sfnames)

.debug_aranges  0x00000000       0xa8
 *(.debug_aranges)
 .debug_aranges
                0x00000000       0x38 DrvSYS.o
 .debug_aranges
                0x00000038       0x38 DrvUSART.o
 .debug_aranges
                0x00000070       0x38 main.o

.debug_pubnames
 *(.debug_pubnames)

.debug_info     0x00000000      0xc8f
 *(.debug_info .gnu.linkonce.wi.*)
 .debug_info    0x00000000      0x5f4 C:/Program Files (x86)/Atmel/Studio/7.0/Packs/atmel/ATmega_DFP/1.7.374/gcc/dev/atmega328p/avr5/crtatmega328p.o
 .debug_info    0x000005f4      0x1e3 DrvSYS.o
 .debug_info    0x000007d7      0x113 DrvUSART.o
 .debug_info    0x000008ea      0x3a5 main.o

.debug_abbrev   0x00000000      0x991
 *(.debug_abbrev)
 .debug_abbrev  0x00000000      0x5a2 C:/Program Files (x86)/Atmel/Studio/7.0/Packs/atmel/ATmega_DFP/1.7.374/gcc/dev/atmega328p/avr5/crtatmega328p.o
 .debug_abbrev  0x000005a2      0x149 DrvSYS.o
 .debug_abbrev  0x000006eb       0xe0 DrvUSART.o
 .debug_abbrev  0x000007cb      0x1c6 main.o

.debug_line     0x00000000      0x6ef
 *(.debug_line .debug_line.* .debug_line_end)
 .debug_line    0x00000000      0x134 C:/Program Files (x86)/Atmel/Studio/7.0/Packs/atmel/ATmega_DFP/1.7.374/gcc/dev/atmega328p/avr5/crtatmega328p.o
 .debug_line    0x00000134      0x1c0 DrvSYS.o
 .debug_line    0x000002f4      0x12f DrvUSART.o
 .debug_line    0x00000423      0x2cc main.o

.debug_frame    0x00000000      0x138
 *(.debug_frame)
 .debug_frame   0x00000000       0x5c DrvSYS.o
 .debug_frame   0x0000005c       0x60 DrvUSART.o
 .debug_frame   0x000000bc       0x7c main.o

.debug_str      0x00000000      0x569
 *(.debug_str)
 .debug_str     0x00000000      0x208 C:/Program Files (x86)/Atmel/Studio/7.0/Packs/atmel/ATmega_DFP/1.7.374/gcc/dev/atmega328p/avr5/crtatmega328p.o
 .debug_str     0x00000208      0x1ea DrvSYS.o
                                0x21e (size before relaxing)
 .debug_str     0x000003f2       0x59 DrvUSART.o
                                0x1bb (size before relaxing)
 .debug_str     0x0000044b      0x11e main.o
                                0x2e5 (size before relaxing)

.debug_loc      0x00000000      0x2ee
 *(.debug_loc)
 .debug_loc     0x00000000      0x10c DrvSYS.o
 .debug_loc     0x0000010c       0x7d DrvUSART.o
 .debug_loc     0x00000189      0x165 main.o

.debug_macinfo
 *(.debug_macinfo)

.debug_weaknames
 *(.debug_weaknames)

.debug_funcnames
 *(.debug_funcnames)

.debug_typenames
 *(.debug_typenames)

.debug_varnames
 *(.debug_varnames)

.debug_pubtypes
 *(.debug_pubtypes)

.debug_ranges   0x00000000       0x78
 *(.debug_ranges)
 .debug_ranges  0x00000000       0x28 DrvSYS.o
 .debug_ranges  0x00000028       0x28 DrvUSART.o
 .debug_ranges  0x00000050       0x28 main.o

.debug_macro
 *(.debug_macro)
OUTPUT(alligator.elf elf32-avr)
LOAD linker stubs
